#!/usr/bin/python3
>>> BaseGeometry = __import__('7-base_geometry').BaseGeometry
>>> bg = BaseGeometry()

>>> bg.integer_validator("my_int", 12)  # Valid integer, no exception
>>> bg.integer_validator("width", 89)  # Valid integer, no exception

>>> try:
...     bg.integer_validator("name", "John")  # Invalid, string instead of integer
... except Exception as e:
...     print("[{}] {}".format(e.__class__.__name__, e))
[TypeError] name must be an integer

>>> try:
...     bg.integer_validator("age", 0)  # Invalid, value is not greater than 0
... except Exception as e:
...     print("[{}] {}".format(e.__class__.__name__, e))
[ValueError] age must be greater than 0

>>> try:
...     bg.integer_validator("distance", -4)  # Invalid, value is not greater than 0
... except Exception as e:
...     print("[{}] {}".format(e.__class__.__name__, e))
[ValueError] distance must be greater than 0

>>> try:
...     bg.area()  # Trying to call area() on BaseGeometry should raise an exception
... except Exception as e:
...     print("[{}] {}".format(e.__class__.__name__, e))
[Exception] area() is not implemented
